CCS PCM C Compiler, Version 4.014, 36248               08-Mar-07 14:53

               Filename: D:\Miguel Angel\pic\estacion\estacion_globo\receptor\receptor.lst

               ROM used: 138 words (2%)
                         Largest free fragment is 2048
               RAM used: 16 (4%) at main() level
                         18 (5%) worst case
               Stack:    2 worst case (1 in main + 1 for interrupts)

*
0000:  MOVLW  00
0001:  MOVWF  0A
0002:  GOTO   057
0003:  NOP
0004:  MOVWF  7F
0005:  SWAPF  03,W
0006:  CLRF   03
0007:  MOVWF  21
0008:  MOVF   0A,W
0009:  MOVWF  20
000A:  CLRF   0A
000B:  MOVF   04,W
000C:  MOVWF  22
000D:  MOVF   77,W
000E:  MOVWF  23
000F:  MOVF   78,W
0010:  MOVWF  24
0011:  MOVF   79,W
0012:  MOVWF  25
0013:  MOVF   7A,W
0014:  MOVWF  26
0015:  MOVF   7B,W
0016:  MOVWF  27
0017:  BCF    03.7
0018:  BCF    03.5
0019:  MOVLW  8C
001A:  MOVWF  04
001B:  BTFSS  00.5
001C:  GOTO   01F
001D:  BTFSC  0C.5
001E:  GOTO   032
001F:  MOVF   22,W
0020:  MOVWF  04
0021:  MOVF   23,W
0022:  MOVWF  77
0023:  MOVF   24,W
0024:  MOVWF  78
0025:  MOVF   25,W
0026:  MOVWF  79
0027:  MOVF   26,W
0028:  MOVWF  7A
0029:  MOVF   27,W
002A:  MOVWF  7B
002B:  MOVF   20,W
002C:  MOVWF  0A
002D:  SWAPF  21,W
002E:  MOVWF  03
002F:  SWAPF  7F,F
0030:  SWAPF  7F,W
0031:  RETFIE
0032:  BCF    0A.3
0033:  BCF    0A.4
0034:  GOTO   035
....................  
.................... #include <16F876.h> 
.................... //////// Standard Header file for the PIC16F876 device //////////////// 
.................... #device PIC16F876 
.................... #list 
....................  
....................  
.................... #fuses HS, NOPROTECT, NOLVP, NOBROWNOUT, NOWDT 
.................... #use delay(clock=20000000) 
*
0041:  MOVLW  2A
0042:  MOVWF  04
0043:  BCF    03.7
0044:  MOVF   00,W
0045:  BTFSC  03.2
0046:  GOTO   054
0047:  MOVLW  06
0048:  MOVWF  78
0049:  CLRF   77
004A:  DECFSZ 77,F
004B:  GOTO   04A
004C:  DECFSZ 78,F
004D:  GOTO   049
004E:  MOVLW  7B
004F:  MOVWF  77
0050:  DECFSZ 77,F
0051:  GOTO   050
0052:  DECFSZ 00,F
0053:  GOTO   047
0054:  BCF    0A.3
0055:  BCF    0A.4
0056:  GOTO   076 (RETURN)
.................... #use rs232(baud=2400, XMIT=PIN_C6, RCV=PIN_C7, bits=8, uart1) 
....................  
.................... #INT_RDA 
.................... void recepcion()   { 
.................... int c; 
.................... c=getch(); 
*
0035:  BTFSS  0C.5
0036:  GOTO   035
0037:  MOVF   1A,W
0038:  MOVWF  2B
.................... putc(c); 
0039:  MOVF   2B,W
003A:  BTFSS  0C.4
003B:  GOTO   03A
003C:  MOVWF  19
....................  
.................... //if (c=='!'){ 
.................... //   c=getch(); 
.................... //   while (c!='/'){ 
.................... //      c=getch(); 
.................... //      putc(c); 
.................... //      } 
.................... //   } 
.................... } 
....................  
003D:  BCF    0C.5
003E:  BCF    0A.3
003F:  BCF    0A.4
0040:  GOTO   01F
.................... void main()   { 
*
0057:  CLRF   04
0058:  BCF    03.7
0059:  MOVLW  1F
005A:  ANDWF  03,F
005B:  MOVLW  81
005C:  BSF    03.5
005D:  MOVWF  19
005E:  MOVLW  A2
005F:  MOVWF  18
0060:  MOVLW  90
0061:  BCF    03.5
0062:  MOVWF  18
0063:  BSF    03.5
0064:  BSF    1F.0
0065:  BSF    1F.1
0066:  BSF    1F.2
0067:  BCF    1F.3
.................... output_high(pin_c0); 
0068:  MOVLW  FF
0069:  BCF    03.5
006A:  MOVWF  28
006B:  BCF    28.0
006C:  MOVF   28,W
006D:  BSF    03.5
006E:  MOVWF  07
006F:  BCF    03.5
0070:  BSF    07.0
.................... delay_ms(2000); 
0071:  MOVLW  08
0072:  MOVWF  29
0073:  MOVLW  FA
0074:  MOVWF  2A
0075:  GOTO   041
0076:  DECFSZ 29,F
0077:  GOTO   073
.................... output_low(pin_c0); 
0078:  BCF    28.0
0079:  MOVF   28,W
007A:  BSF    03.5
007B:  MOVWF  07
007C:  BCF    03.5
007D:  BCF    07.0
....................  
.................... set_tris_c(0b10111111); 
007E:  MOVLW  BF
007F:  BSF    03.5
0080:  MOVWF  07
0081:  BCF    03.5
0082:  MOVWF  28
.................... ENABLE_INTERRUPTS(INT_RDA); 
0083:  BSF    03.5
0084:  BSF    0C.5
.................... ENABLE_INTERRUPTS(GLOBAL); 
0085:  MOVLW  C0
0086:  BCF    03.5
0087:  IORWF  0B,F
.................... while(1){} 
0088:  GOTO   088
....................  
.................... //while(TRUE){ 
.................... //c=getch(); 
.................... //if (c>=0x0A)//&&(c<=0x7A))//(((c>=0x20)&&(c<=0x7A))||((c==0x0A)||(c==0x0D))) 
.................... //{ 
....................    //putc(c); 
.................... //} 
.................... //} 
.................... } 
0089:  SLEEP

Configuration Fuses:
   Word  1: 3F32   HS NOWDT PUT NOPROTECT NOBROWNOUT NOLVP NOCPD NOWRT NODEBUG
